INFO: [VRFC 10-2263] Analyzing SystemVerilog file "/mnt/roketsan/tez/src/control_unit.sv" into library xil_defaultlib
INFO: [VRFC 10-311] analyzing module control_unit
INFO: [VRFC 10-2263] Analyzing SystemVerilog file "/mnt/roketsan/tez/src/shuffle_one_hot.sv" into library xil_defaultlib
INFO: [VRFC 10-311] analyzing module shuffle_one_hot
INFO: [VRFC 10-2263] Analyzing SystemVerilog file "/mnt/roketsan/tez/src/shuffle_any.sv" into library xil_defaultlib
INFO: [VRFC 10-311] analyzing module shuffle_any
INFO: [VRFC 10-2263] Analyzing SystemVerilog file "/mnt/roketsan/tez/src/thread_scheduler.sv" into library xil_defaultlib
INFO: [VRFC 10-311] analyzing module thread_scheduler
INFO: [VRFC 10-2263] Analyzing SystemVerilog file "/mnt/roketsan/tez/src/control_unit_pkg.sv" into library xil_defaultlib
INFO: [VRFC 10-2263] Analyzing SystemVerilog file "/mnt/roketsan/tez/tb/tb_config_pkg.sv" into library xil_defaultlib
INFO: [VRFC 10-2263] Analyzing SystemVerilog file "/mnt/roketsan/tez/tb/tb_shuffle_any.sv" into library xil_defaultlib
INFO: [VRFC 10-311] analyzing module tb_shuffle_any
INFO: [VRFC 10-2263] Analyzing SystemVerilog file "/mnt/roketsan/tez/tb/tb_control_unit.sv" into library xil_defaultlib
INFO: [VRFC 10-311] analyzing module tb_control_unit
INFO: [VRFC 10-2263] Analyzing SystemVerilog file "/mnt/roketsan/tez/tb/tb_shuffle_one_hot.sv" into library xil_defaultlib
INFO: [VRFC 10-311] analyzing module tb_shuffle_one_hot
INFO: [VRFC 10-2263] Analyzing SystemVerilog file "/run/host/mnt/roketsan/tez/tb/tb_thread_scheduler.sv" into library xil_defaultlib
INFO: [VRFC 10-311] analyzing module tb_thread_scheduler
INFO: [VRFC 10-2263] Analyzing Verilog file "/mnt/roketsan/tez/tez-vivado/tez-vivado.sim/sim_1/behav/xsim/glbl.v" into library xil_defaultlib
INFO: [VRFC 10-311] analyzing module glbl
