#-----------------------------------------------------------
# Vivado v2025.2 (64-bit)
# SW Build 6299465 on Fri Nov 14 19:35:11 GMT 2025
# IP Build 6300035 on Fri Nov 14 10:48:45 MST 2025
# SharedData Build 6298862 on Thu Nov 13 04:50:51 MST 2025
# Start of session at: Tue Mar 24 16:05:04 2026
# Process ID         : 14116
# Current directory  : P:/AZC/tez/tez-vivado/tez-vivado.runs/impl_1
# Command line       : vivado.exe -log thread_scheduler.vdi -applog -product Vivado -messageDb vivado.pb -mode batch -source thread_scheduler.tcl -notrace
# Log file           : P:/AZC/tez/tez-vivado/tez-vivado.runs/impl_1/thread_scheduler.vdi
# Journal file       : P:/AZC/tez/tez-vivado/tez-vivado.runs/impl_1\vivado.jou
# Running On         : DESKTOP-JGO4TC8
# Platform           : Windows Server 2016 or Windows 10
# Operating System   : 26200
# Processor Detail   : AMD Ryzen 5 4500U with Radeon Graphics         
# CPU Frequency      : 2370 MHz
# CPU Physical cores : 6
# CPU Logical cores  : 6
# Host memory        : 24938 MB
# Swap memory        : 25769 MB
# Total Virtual      : 50708 MB
# Available Virtual  : 24744 MB
#-----------------------------------------------------------
source thread_scheduler.tcl -notrace
