
*** Running vivado
    with args -log thread_scheduler.vds -m64 -product Vivado -mode batch -messageDb vivado.pb -notrace -source thread_scheduler.tcl



****** Vivado v2025.2 (64-bit)
  **** SW Build 6299465 on Fri Nov 14 19:35:11 GMT 2025
  **** IP Build 6300035 on Fri Nov 14 10:48:45 MST 2025
  **** SharedData Build 6298862 on Thu Nov 13 04:50:51 MST 2025
  **** Start of session at: Tue Mar 24 16:00:58 2026
    ** Copyright 1986-2022 Xilinx, Inc. All Rights Reserved.
    ** Copyright 2022-2025 Advanced Micro Devices, Inc. All Rights Reserved.

source thread_scheduler.tcl -notrace
create_project: Time (s): cpu = 00:00:09 ; elapsed = 00:00:07 . Memory (MB): peak = 524.410 ; gain = 219.609
Command: synth_design -top thread_scheduler -part xc7a35tcpg236-1
Starting synth_design
Attempting to get a license for feature 'Synthesis' and/or device 'xc7a35t'
INFO: [Common 17-349] Got license for feature 'Synthesis' and/or device 'xc7a35t'
INFO: [Device 21-403] Loading part xc7a35tcpg236-1
INFO: [Synth 8-7079] Multithreading enabled for synth_design using a maximum of 2 processes.
INFO: [Synth 8-7078] Launching helper process for spawning children vivado processes
INFO: [Synth 8-7075] Helper process launched with PID 12848
---------------------------------------------------------------------------------
Starting RTL Elaboration : Time (s): cpu = 00:00:07 ; elapsed = 00:00:09 . Memory (MB): peak = 1261.164 ; gain = 541.695
---------------------------------------------------------------------------------
INFO: [Synth 8-6157] synthesizing module 'thread_scheduler' [P:/AZC/tez/src/thread_scheduler.sv:4]
INFO: [Synth 8-294] found qualifier unique on case statement: implementing as parallel_case [P:/AZC/tez/src/thread_scheduler.sv:141]
INFO: [Synth 8-155] case statement is not full and has no default [P:/AZC/tez/src/thread_scheduler.sv:141]
INFO: [Synth 8-6155] done synthesizing module 'thread_scheduler' (0#1) [P:/AZC/tez/src/thread_scheduler.sv:4]
---------------------------------------------------------------------------------
Finished RTL Elaboration : Time (s): cpu = 00:00:10 ; elapsed = 00:00:13 . Memory (MB): peak = 1412.320 ; gain = 692.852
---------------------------------------------------------------------------------
---------------------------------------------------------------------------------
Start Handling Custom Attributes
---------------------------------------------------------------------------------
---------------------------------------------------------------------------------
Finished Handling Custom Attributes : Time (s): cpu = 00:00:10 ; elapsed = 00:00:13 . Memory (MB): peak = 1412.320 ; gain = 692.852
---------------------------------------------------------------------------------
---------------------------------------------------------------------------------
Finished RTL Optimization Phase 1 : Time (s): cpu = 00:00:10 ; elapsed = 00:00:13 . Memory (MB): peak = 1412.320 ; gain = 692.852
---------------------------------------------------------------------------------
Netlist sorting complete. Time (s): cpu = 00:00:00 ; elapsed = 00:00:00.117 . Memory (MB): peak = 1412.320 ; gain = 0.000
INFO: [Project 1-570] Preparing netlist for logic optimization

Processing XDC Constraints
Initializing timing engine
Parsing XDC File [P:/AZC/tez/CmodA7_Master.xdc]
WARNING: [Vivado 12-584] No ports matched 'sysclk'. [P:/AZC/tez/CmodA7_Master.xdc:7]
CRITICAL WARNING: [Common 17-55] 'set_property' expects at least one object. [P:/AZC/tez/CmodA7_Master.xdc:7]
Resolution: If [get_<value>] was used to populate the object, check to make sure this command returns at least one valid object.
WARNING: [Vivado 12-584] No ports matched 'sysclk'. [P:/AZC/tez/CmodA7_Master.xdc:8]
CRITICAL WARNING: [Vivado 12-4739] create_clock:No valid object(s) found for '-objects [get_ports sysclk]'. [P:/AZC/tez/CmodA7_Master.xdc:8]
Resolution: Check if the specified object(s) exists in the current design. If it does, ensure that the correct design hierarchy was specified for the object. If you are working with clocks, make sure create_clock was used to create the clock object before it is referenced.
WARNING: [Vivado 12-584] No ports matched 'led_b'. [P:/AZC/tez/CmodA7_Master.xdc:15]
CRITICAL WARNING: [Common 17-55] 'set_property' expects at least one object. [P:/AZC/tez/CmodA7_Master.xdc:15]
Resolution: If [get_<value>] was used to populate the object, check to make sure this command returns at least one valid object.
WARNING: [Vivado 12-584] No ports matched 'led_g'. [P:/AZC/tez/CmodA7_Master.xdc:16]
CRITICAL WARNING: [Common 17-55] 'set_property' expects at least one object. [P:/AZC/tez/CmodA7_Master.xdc:16]
Resolution: If [get_<value>] was used to populate the object, check to make sure this command returns at least one valid object.
WARNING: [Vivado 12-584] No ports matched 'led'. [P:/AZC/tez/CmodA7_Master.xdc:17]
CRITICAL WARNING: [Common 17-55] 'set_property' expects at least one object. [P:/AZC/tez/CmodA7_Master.xdc:17]
Resolution: If [get_<value>] was used to populate the object, check to make sure this command returns at least one valid object.
WARNING: [Vivado 12-584] No ports matched 'btn0'. [P:/AZC/tez/CmodA7_Master.xdc:21]
CRITICAL WARNING: [Common 17-55] 'set_property' expects at least one object. [P:/AZC/tez/CmodA7_Master.xdc:21]
Resolution: If [get_<value>] was used to populate the object, check to make sure this command returns at least one valid object.
WARNING: [Vivado 12-584] No ports matched 'xa_n[0]'. [P:/AZC/tez/CmodA7_Master.xdc:38]
CRITICAL WARNING: [Common 17-55] 'set_property' expects at least one object. [P:/AZC/tez/CmodA7_Master.xdc:38]
Resolution: If [get_<value>] was used to populate the object, check to make sure this command returns at least one valid object.
WARNING: [Vivado 12-584] No ports matched 'xa_p[0]'. [P:/AZC/tez/CmodA7_Master.xdc:39]
CRITICAL WARNING: [Common 17-55] 'set_property' expects at least one object. [P:/AZC/tez/CmodA7_Master.xdc:39]
Resolution: If [get_<value>] was used to populate the object, check to make sure this command returns at least one valid object.
WARNING: [Vivado 12-584] No ports matched 'xa_n[1]'. [P:/AZC/tez/CmodA7_Master.xdc:40]
CRITICAL WARNING: [Common 17-55] 'set_property' expects at least one object. [P:/AZC/tez/CmodA7_Master.xdc:40]
Resolution: If [get_<value>] was used to populate the object, check to make sure this command returns at least one valid object.
WARNING: [Vivado 12-584] No ports matched 'xa_p[1]'. [P:/AZC/tez/CmodA7_Master.xdc:41]
CRITICAL WARNING: [Common 17-55] 'set_property' expects at least one object. [P:/AZC/tez/CmodA7_Master.xdc:41]
Resolution: If [get_<value>] was used to populate the object, check to make sure this command returns at least one valid object.
WARNING: [Vivado 12-584] No ports matched 'pio'. [P:/AZC/tez/CmodA7_Master.xdc:46]
CRITICAL WARNING: [Common 17-55] 'set_property' expects at least one object. [P:/AZC/tez/CmodA7_Master.xdc:46]
Resolution: If [get_<value>] was used to populate the object, check to make sure this command returns at least one valid object.
WARNING: [Vivado 12-584] No ports matched 'data_out[0]'. [P:/AZC/tez/CmodA7_Master.xdc:47]
CRITICAL WARNING: [Common 17-55] 'set_property' expects at least one object. [P:/AZC/tez/CmodA7_Master.xdc:47]
Resolution: If [get_<value>] was used to populate the object, check to make sure this command returns at least one valid object.
WARNING: [Vivado 12-584] No ports matched 'data_out[1]'. [P:/AZC/tez/CmodA7_Master.xdc:48]
CRITICAL WARNING: [Common 17-55] 'set_property' expects at least one object. [P:/AZC/tez/CmodA7_Master.xdc:48]
Resolution: If [get_<value>] was used to populate the object, check to make sure this command returns at least one valid object.
WARNING: [Vivado 12-584] No ports matched 'data_out[2]'. [P:/AZC/tez/CmodA7_Master.xdc:49]
CRITICAL WARNING: [Common 17-55] 'set_property' expects at least one object. [P:/AZC/tez/CmodA7_Master.xdc:49]
Resolution: If [get_<value>] was used to populate the object, check to make sure this command returns at least one valid object.
WARNING: [Vivado 12-584] No ports matched 'data_out[3]'. [P:/AZC/tez/CmodA7_Master.xdc:50]
CRITICAL WARNING: [Common 17-55] 'set_property' expects at least one object. [P:/AZC/tez/CmodA7_Master.xdc:50]
Resolution: If [get_<value>] was used to populate the object, check to make sure this command returns at least one valid object.
Finished Parsing XDC File [P:/AZC/tez/CmodA7_Master.xdc]
Completed Processing XDC Constraints

Netlist sorting complete. Time (s): cpu = 00:00:00 ; elapsed = 00:00:00.003 . Memory (MB): peak = 1494.977 ; gain = 0.000
INFO: [Project 1-111] Unisim Transformation Summary:
No Unisim elements were transformed.

Constraint Validation Runtime : Time (s): cpu = 00:00:00 ; elapsed = 00:00:00.073 . Memory (MB): peak = 1494.977 ; gain = 0.000
---------------------------------------------------------------------------------
Finished Constraint Validation : Time (s): cpu = 00:00:22 ; elapsed = 00:00:28 . Memory (MB): peak = 1494.977 ; gain = 775.508
---------------------------------------------------------------------------------
---------------------------------------------------------------------------------
Start Loading Part and Timing Information
---------------------------------------------------------------------------------
Loading part: xc7a35tcpg236-1
---------------------------------------------------------------------------------
Finished Loading Part and Timing Information : Time (s): cpu = 00:00:22 ; elapsed = 00:00:28 . Memory (MB): peak = 1494.977 ; gain = 775.508
---------------------------------------------------------------------------------
---------------------------------------------------------------------------------
Start Applying 'set_property' XDC Constraints
---------------------------------------------------------------------------------
---------------------------------------------------------------------------------
Finished applying 'set_property' XDC Constraints : Time (s): cpu = 00:00:22 ; elapsed = 00:00:28 . Memory (MB): peak = 1494.977 ; gain = 775.508
---------------------------------------------------------------------------------
---------------------------------------------------------------------------------
Finished RTL Optimization Phase 2 : Time (s): cpu = 00:00:24 ; elapsed = 00:00:30 . Memory (MB): peak = 1494.977 ; gain = 775.508
---------------------------------------------------------------------------------
No constraint files found.
---------------------------------------------------------------------------------
Start RTL Component Statistics 
---------------------------------------------------------------------------------
Detailed RTL Component Info : 
+---Adders : 
	   2 Input   30 Bit       Adders := 1     
+---Registers : 
	               32 Bit    Registers := 49    
	               30 Bit    Registers := 33    
+---Muxes : 
	   6 Input   32 Bit        Muxes := 2     
	   2 Input   32 Bit        Muxes := 1     
	   2 Input    5 Bit        Muxes := 1     
	   2 Input    1 Bit        Muxes := 226   
	   6 Input    1 Bit        Muxes := 9     
---------------------------------------------------------------------------------
Finished RTL Component Statistics 
---------------------------------------------------------------------------------
---------------------------------------------------------------------------------
Start Part Resource Summary
---------------------------------------------------------------------------------
Part Resources:
DSPs: 90 (col length:60)
BRAMs: 100 (col length: RAMB18 60 RAMB36 30)
---------------------------------------------------------------------------------
Finished Part Resource Summary
---------------------------------------------------------------------------------
No constraint files found.
---------------------------------------------------------------------------------
Start Cross Boundary and Area Optimization
---------------------------------------------------------------------------------
---------------------------------------------------------------------------------
Finished Cross Boundary and Area Optimization : Time (s): cpu = 00:02:10 ; elapsed = 00:02:32 . Memory (MB): peak = 1607.430 ; gain = 887.961
---------------------------------------------------------------------------------
No constraint files found.
---------------------------------------------------------------------------------
Start Timing Optimization
---------------------------------------------------------------------------------
---------------------------------------------------------------------------------
Finished Timing Optimization : Time (s): cpu = 00:02:45 ; elapsed = 00:03:11 . Memory (MB): peak = 1607.430 ; gain = 887.961
---------------------------------------------------------------------------------
---------------------------------------------------------------------------------
Start Technology Mapping
---------------------------------------------------------------------------------
---------------------------------------------------------------------------------
Finished Technology Mapping : Time (s): cpu = 00:03:00 ; elapsed = 00:03:27 . Memory (MB): peak = 1607.430 ; gain = 887.961
---------------------------------------------------------------------------------
---------------------------------------------------------------------------------
Start IO Insertion
---------------------------------------------------------------------------------
---------------------------------------------------------------------------------
Start Flattening Before IO Insertion
---------------------------------------------------------------------------------
---------------------------------------------------------------------------------
Finished Flattening Before IO Insertion
---------------------------------------------------------------------------------
---------------------------------------------------------------------------------
Start Final Netlist Cleanup
---------------------------------------------------------------------------------
---------------------------------------------------------------------------------
Finished Final Netlist Cleanup
---------------------------------------------------------------------------------
---------------------------------------------------------------------------------
Finished IO Insertion : Time (s): cpu = 00:03:07 ; elapsed = 00:03:35 . Memory (MB): peak = 1689.145 ; gain = 969.676
---------------------------------------------------------------------------------
---------------------------------------------------------------------------------
Start Renaming Generated Instances
---------------------------------------------------------------------------------
---------------------------------------------------------------------------------
Finished Renaming Generated Instances : Time (s): cpu = 00:03:07 ; elapsed = 00:03:35 . Memory (MB): peak = 1689.145 ; gain = 969.676
---------------------------------------------------------------------------------
---------------------------------------------------------------------------------
Start Rebuilding User Hierarchy
---------------------------------------------------------------------------------
---------------------------------------------------------------------------------
Finished Rebuilding User Hierarchy : Time (s): cpu = 00:03:07 ; elapsed = 00:03:35 . Memory (MB): peak = 1689.145 ; gain = 969.676
---------------------------------------------------------------------------------
---------------------------------------------------------------------------------
Start Renaming Generated Ports
---------------------------------------------------------------------------------
---------------------------------------------------------------------------------
Finished Renaming Generated Ports : Time (s): cpu = 00:03:07 ; elapsed = 00:03:35 . Memory (MB): peak = 1689.145 ; gain = 969.676
---------------------------------------------------------------------------------
---------------------------------------------------------------------------------
Start Handling Custom Attributes
---------------------------------------------------------------------------------
---------------------------------------------------------------------------------
Finished Handling Custom Attributes : Time (s): cpu = 00:03:07 ; elapsed = 00:03:36 . Memory (MB): peak = 1689.145 ; gain = 969.676
---------------------------------------------------------------------------------
---------------------------------------------------------------------------------
Start Renaming Generated Nets
---------------------------------------------------------------------------------
---------------------------------------------------------------------------------
Finished Renaming Generated Nets : Time (s): cpu = 00:03:07 ; elapsed = 00:03:36 . Memory (MB): peak = 1689.145 ; gain = 969.676
---------------------------------------------------------------------------------
---------------------------------------------------------------------------------
Start Writing Synthesis Report
---------------------------------------------------------------------------------

Report BlackBoxes: 
+-+--------------+----------+
| |BlackBox name |Instances |
+-+--------------+----------+
+-+--------------+----------+

Report Cell Usage: 
+------+-------+------+
|      |Cell   |Count |
+------+-------+------+
|1     |BUFG   |     1|
|2     |CARRY4 |    11|
|3     |LUT1   |     1|
|4     |LUT2   |   106|
|5     |LUT3   |    71|
|6     |LUT4   |   308|
|7     |LUT5   |   525|
|8     |LUT6   |  1898|
|9     |MUXF7  |   280|
|10    |FDRE   |  2544|
|11    |FDSE   |    32|
|12    |IBUF   |    72|
|13    |OBUF   |    62|
+------+-------+------+
---------------------------------------------------------------------------------
Finished Writing Synthesis Report : Time (s): cpu = 00:03:07 ; elapsed = 00:03:36 . Memory (MB): peak = 1689.145 ; gain = 969.676
---------------------------------------------------------------------------------
Synthesis finished with 0 errors, 0 critical warnings and 0 warnings.
Synthesis Optimization Runtime : Time (s): cpu = 00:02:53 ; elapsed = 00:03:31 . Memory (MB): peak = 1689.145 ; gain = 887.020
Synthesis Optimization Complete : Time (s): cpu = 00:03:07 ; elapsed = 00:03:36 . Memory (MB): peak = 1689.145 ; gain = 969.676
INFO: [Project 1-571] Translating synthesized netlist
Netlist sorting complete. Time (s): cpu = 00:00:00 ; elapsed = 00:00:00.055 . Memory (MB): peak = 1702.266 ; gain = 0.000
INFO: [Netlist 29-17] Analyzing 291 Unisim elements for replacement
INFO: [Netlist 29-28] Unisim Transformation completed in 0 CPU seconds
WARNING: [Netlist 29-101] Netlist 'thread_scheduler' is not ideal for floorplanning, since the cellview 'thread_scheduler' contains a large number of primitives.  Please consider enabling hierarchy in synthesis if you want to do floorplanning.
INFO: [Project 1-570] Preparing netlist for logic optimization
INFO: [Opt 31-138] Pushed 0 inverter(s) to 0 load pin(s).
Netlist sorting complete. Time (s): cpu = 00:00:00 ; elapsed = 00:00:00.003 . Memory (MB): peak = 1797.250 ; gain = 0.000
INFO: [Project 1-111] Unisim Transformation Summary:
No Unisim elements were transformed.

Synth Design complete | Checksum: a8542815
INFO: [Common 17-83] Releasing license: Synthesis
18 Infos, 16 Warnings, 15 Critical Warnings and 0 Errors encountered.
synth_design completed successfully
synth_design: Time (s): cpu = 00:03:14 ; elapsed = 00:03:45 . Memory (MB): peak = 1797.250 ; gain = 1272.840
INFO: [runtcl-6] Synthesis results are not added to the cache due to CRITICAL_WARNING
Write ShapeDB Complete: Time (s): cpu = 00:00:00 ; elapsed = 00:00:00.015 . Memory (MB): peak = 1797.250 ; gain = 0.000
INFO: [Common 17-1381] The checkpoint 'P:/AZC/tez/tez-vivado/tez-vivado.runs/synth_1/thread_scheduler.dcp' has been generated.
INFO: [Vivado 12-24828] Executing command : report_utilization -file thread_scheduler_utilization_synth.rpt -pb thread_scheduler_utilization_synth.pb
INFO: [Common 17-206] Exiting Vivado at Tue Mar 24 16:04:56 2026...
